src/app/(dashboard)/appointments/queue/page.tsx(16,30): error TS2307: Cannot find module '@/components/appointments/QueueBoard' or its corresponding type declarations.
src/app/(dashboard)/appointments/reminders/page.tsx(106,38): error TS2552: Cannot find name 'Clock'. Did you mean 'Lock'?
src/app/(dashboard)/help/page.tsx(302,55): error TS2304: Cannot find name 'Shield'.
src/constants/posData.ts(1,10): error TS2305: Module '"../types/index"' has no exported member 'POSInvoice'.
src/constants/posData.ts(1,22): error TS2305: Module '"../types/index"' has no exported member 'Product'.
src/constants/posData.ts(1,31): error TS2305: Module '"../types/index"' has no exported member 'DailyClosing'.
src/constants/workshopData.ts(19,5): error TS2739: Type '{ id: string; jobNo: string; customerId: string; vehicleId: string; complaints: string; items: ({ description: string; status: "in-progress"; cost: number; } | { description: string; status: "completed"; cost: number; } | { ...; })[]; ... 8 more ...; updatedAt: string; }' is missing the following properties from type 'JobCard': customerName, customerPhone, vehicleModel, vehicleRegNo, complaintChecklist
src/constants/workshopData.ts(40,5): error TS2739: Type '{ id: string; jobNo: string; customerId: string; vehicleId: string; complaints: string; items: { description: string; status: "completed"; cost: number; }[]; status: "qc-done"; assignedTechnicianId: string; ... 6 more ...; updatedAt: string; }' is missing the following properties from type 'JobCard': customerName, customerPhone, vehicleModel, vehicleRegNo, complaintChecklist
